// Jest Snapshot v1, https://goo.gl/fbAQLP

exports[`Vehicle Info Component should render with given state 1`] = `
<div
  className="MuiContainer-root MuiContainer-maxWidthMd"
  data-test="appComponent"
>
  <div
    className="MuiGrid-root MuiGrid-container MuiGrid-spacing-xs-3"
  >
    <div
      className="MuiGrid-root MuiGrid-item MuiGrid-grid-xs-12"
    >
      <div
        className="language-selector"
      >
        <div
          className="MuiFormControl-root formControl"
        >
          <label
            className="MuiFormLabel-root MuiInputLabel-root MuiInputLabel-formControl MuiInputLabel-animated MuiInputLabel-shrink MuiFormLabel-filled"
            data-shrink={true}
          >
            Language
          </label>
          <div
            className="MuiInputBase-root MuiInput-root MuiInput-underline MuiInputBase-formControl MuiInput-formControl"
            onClick={[Function]}
          >
            <select
              aria-invalid={false}
              className="MuiSelect-root MuiSelect-select MuiInputBase-input MuiInput-input MuiInputBase-inputSelect"
              disabled={false}
              multiple={false}
              onAnimationStart={[Function]}
              onBlur={[Function]}
              onChange={[Function]}
              onFocus={[Function]}
              required={false}
              value="en"
            >
              <option
                value="en"
              >
                English
              </option>
              <option
                value="sweedish"
              >
                Sweedish
              </option>
            </select>
            <svg
              aria-hidden="true"
              className="MuiSvgIcon-root MuiSelect-icon"
              focusable="false"
              role="presentation"
              viewBox="0 0 24 24"
            >
              <path
                d="M7 10l5 5 5-5z"
              />
            </svg>
          </div>
        </div>
      </div>
    </div>
    <div
      className="MuiGrid-root MuiGrid-item MuiGrid-grid-xs-12"
    >
      <h1
        id="vehicle-status-content"
      >
        Vehicle Status Overview
      </h1>
    </div>
    <div
      className="MuiGrid-root MuiGrid-item MuiGrid-grid-xs-4"
    >
      <div
        className="MuiFormControl-root formControl"
      >
        <div>
          Status
        </div>
        <div
          className="MuiInputBase-root MuiInput-root MuiInput-underline MuiInputBase-formControl MuiInput-formControl"
          onClick={[Function]}
        >
          <select
            aria-invalid={false}
            className="MuiSelect-root MuiSelect-select MuiInputBase-input MuiInput-input MuiInputBase-inputSelect"
            disabled={false}
            multiple={false}
            onAnimationStart={[Function]}
            onBlur={[Function]}
            onChange={[Function]}
            onFocus={[Function]}
            required={false}
            value=""
          >
            <option
              className="selectEmpty"
              value=""
            >
              All
            </option>
            <option
              value="online"
            >
              online
            </option>
            <option
              value="offline"
            >
              offline
            </option>
          </select>
          <svg
            aria-hidden="true"
            className="MuiSvgIcon-root MuiSelect-icon"
            focusable="false"
            role="presentation"
            viewBox="0 0 24 24"
          >
            <path
              d="M7 10l5 5 5-5z"
            />
          </svg>
        </div>
      </div>
    </div>
    <div
      className="MuiGrid-root MuiGrid-item MuiGrid-grid-xs-4"
    >
      <div
        className="MuiFormControl-root formControl"
      >
        <div>
          Customers
        </div>
        <div
          className="MuiInputBase-root MuiInput-root MuiInput-underline MuiInputBase-formControl MuiInput-formControl"
          onClick={[Function]}
        >
          <div
            aria-haspopup="listbox"
            aria-labelledby=" "
            className="MuiSelect-root MuiSelect-select MuiSelect-selectMenu MuiInputBase-input MuiInput-input MuiInputBase-inputSelect"
            onBlur={[Function]}
            onClick={[Function]}
            onFocus={[Function]}
            onKeyDown={[Function]}
            role="button"
            tabIndex={0}
          >
            <span
              dangerouslySetInnerHTML={
                Object {
                  "__html": "&#8203;",
                }
              }
            />
          </div>
          <input
            onAnimationStart={[Function]}
            type="hidden"
            value=""
          />
          <svg
            aria-hidden="true"
            className="MuiSvgIcon-root MuiSelect-icon"
            focusable="false"
            role="presentation"
            viewBox="0 0 24 24"
          >
            <path
              d="M7 10l5 5 5-5z"
            />
          </svg>
        </div>
      </div>
    </div>
    <div
      className="MuiGrid-root MuiGrid-item MuiGrid-grid-xs-4"
    >
      <button
        className="MuiButtonBase-root MuiButton-root MuiButton-contained MuiButton-containedPrimary"
        disabled={false}
        onBlur={[Function]}
        onClick={[Function]}
        onDragLeave={[Function]}
        onFocus={[Function]}
        onKeyDown={[Function]}
        onKeyUp={[Function]}
        onMouseDown={[Function]}
        onMouseLeave={[Function]}
        onMouseUp={[Function]}
        onTouchEnd={[Function]}
        onTouchMove={[Function]}
        onTouchStart={[Function]}
        style={
          Object {
            "marginTop": "25px",
          }
        }
        tabIndex={0}
        type="button"
      >
        <span
          className="MuiButton-label"
        >
          Reset Filters
        </span>
      </button>
    </div>
    <div
      className="MuiGrid-root MuiGrid-item MuiGrid-grid-xs-12"
    >
      <div
        className="recharts-wrapper"
        style={
          Object {
            "cursor": "default",
            "height": 250,
            "position": "relative",
            "width": 250,
          }
        }
      >
        <svg
          className="recharts-surface"
          height={250}
          version="1.1"
          viewBox="0 0 250 250"
          width={250}
        >
          <defs>
            <clipPath
              id="recharts1-clip"
            >
              <rect
                height={240}
                width={240}
                x={5}
                y={5}
              />
            </clipPath>
          </defs>
        </svg>
        <div
          className="recharts-tooltip-wrapper"
          style={
            Object {
              "MozTransform": "translate(undefinedpx, undefinedpx)",
              "OTransform": "translate(undefinedpx, undefinedpx)",
              "WebkitTransform": "translate(undefinedpx, undefinedpx)",
              "msTransform": "translate(undefinedpx, undefinedpx)",
              "pointerEvents": "none",
              "position": "absolute",
              "top": 0,
              "transform": "translate(undefinedpx, undefinedpx)",
              "visibility": "hidden",
            }
          }
        >
          <div
            className="recharts-default-tooltip"
            style={
              Object {
                "backgroundColor": "#fff",
                "border": "1px solid #ccc",
                "margin": 0,
                "padding": 10,
                "whiteSpace": "nowrap",
              }
            }
          >
            <p
              className="recharts-tooltip-label"
              style={
                Object {
                  "margin": 0,
                }
              }
            >
              
            </p>
          </div>
        </div>
      </div>
    </div>
    <div
      className="MuiGrid-root MuiGrid-item MuiGrid-grid-xs-12"
    >
      <div
        className="MuiGrid-root MuiGrid-item MuiGrid-grid-xs-12"
      />
    </div>
  </div>
</div>
`;
